../Core/Src/main.c:92:6:LED_Task	1
../Core/Src/main.c:97:6:UART_Task	2
../Core/Src/main.c:105:6:PWM_SetDutyCycle	2
../Core/Src/main.c:122:6:DutyCycle_Task	2
../Core/Src/main.c:132:6:MPU_Test	1
../Core/Src/main.c:140:6:MPU_Test_ExecuteFromRAM	1
../Core/Src/main.c:163:5:main	5
../Core/Src/main.c:270:6:SystemClock_Config	3
../Core/Src/main.c:322:13:MX_TIM3_Init	6
../Core/Src/main.c:381:13:MX_TIM5_Init	7
../Core/Src/main.c:443:13:MX_USART1_UART_Init	2
../Core/Src/main.c:476:13:MX_GPIO_Init	1
../Core/Src/main.c:520:6:HAL_TIM_PeriodElapsedCallback	2
../Core/Src/main.c:528:6:HAL_UART_TxCpltCallback	2
../Core/Src/main.c:536:6:HAL_RCC_CSSCallback	1
../Core/Src/main.c:541:6:HAL_TIM_IC_CaptureCallback	6
../Core/Src/main.c:582:6:Error_Handler	1
